Archive member included to satisfy reference by file (symbol)

C:/msys64/ucrt64/bin/../lib/gcc/avr/15.2.0/avr5\libgcc.a(_umulhisi3.o)
                              ./Source/pwm.o (__umulhisi3)
C:/msys64/ucrt64/bin/../lib/gcc/avr/15.2.0/avr5\libgcc.a(_udivmodhi4.o)
                              ./Source/lcd.o (__udivmodhi4)
C:/msys64/ucrt64/bin/../lib/gcc/avr/15.2.0/avr5\libgcc.a(_udivmodsi4.o)
                              ./Source/pwm.o (__udivmodsi4)
C:/msys64/ucrt64/bin/../lib/gcc/avr/15.2.0/avr5\libgcc.a(_copy_data.o)
                              ./main.o (__do_copy_data)
C:/msys64/ucrt64/bin/../lib/gcc/avr/15.2.0/avr5\libgcc.a(_clear_bss.o)
                              ./Source/interrupt.o (__do_clear_bss)
C:/msys64/ucrt64/bin/../lib/gcc/avr/15.2.0/../../../../avr/lib/avr5\libatmega32.a(init_sp.o)
                              C:/msys64/ucrt64/bin/../lib/gcc/avr/15.2.0/../../../../avr/lib/avr5/crtatmega32.o (__init_sp)
C:/msys64/ucrt64/bin/../lib/gcc/avr/15.2.0/../../../../avr/lib/avr5\libatmega32.a(call_main.o)
                              C:/msys64/ucrt64/bin/../lib/gcc/avr/15.2.0/../../../../avr/lib/avr5/crtatmega32.o (__call_main)
C:/msys64/ucrt64/bin/../lib/gcc/avr/15.2.0/avr5\libgcc.a(_exit.o)
                              C:/msys64/ucrt64/bin/../lib/gcc/avr/15.2.0/../../../../avr/lib/avr5\libatmega32.a(call_main.o) (exit)

Merging object attributes


There are no discarded input sections

Memory Configuration

Name             Origin             Length             Attributes
text             0x00000000         0x00008000         xr
data             0x00800060         0x00000800         rw!x
eeprom           0x00810000         0x00000400         rw!x
fuse             0x00820000         0x00000002         rw!x
lock             0x00830000         0x00000400         rw!x
signature        0x00840000         0x00000400         rw!x
user_signatures  0x00850000         0x00000400         rw!x
*default*        0x00000000         0xffffffff

Linker script and memory map

LOAD C:/msys64/ucrt64/bin/../lib/gcc/avr/15.2.0/../../../../avr/lib/avr5/crtatmega32.o
LOAD ./Source/adc.o
LOAD ./Source/flame.o
LOAD ./Source/interrupt.o
LOAD ./Source/lcd.o
LOAD ./Source/motor.o
LOAD ./Source/outputs.o
LOAD ./Source/pwm.o
LOAD ./main.o
START GROUP
LOAD C:/msys64/ucrt64/bin/../lib/gcc/avr/15.2.0/avr5\libgcc.a
LOAD C:/msys64/ucrt64/bin/../lib/gcc/avr/15.2.0/../../../../avr/lib/avr5\libm.a
LOAD C:/msys64/ucrt64/bin/../lib/gcc/avr/15.2.0/../../../../avr/lib/avr5\libc.a
LOAD C:/msys64/ucrt64/bin/../lib/gcc/avr/15.2.0/../../../../avr/lib/avr5\libatmega32.a
END GROUP
                [0x00000000]                      __TEXT_REGION_ORIGIN__ = DEFINED (__TEXT_REGION_ORIGIN__)?__TEXT_REGION_ORIGIN__:0x0
                [0x00008000]                      __TEXT_REGION_LENGTH__ = DEFINED (__TEXT_REGION_LENGTH__)?__TEXT_REGION_LENGTH__:0x20000
                [0x00800060]                      __DATA_REGION_ORIGIN__ = DEFINED (__DATA_REGION_ORIGIN__)?__DATA_REGION_ORIGIN__:0x800060
                [0x00000800]                      __DATA_REGION_LENGTH__ = DEFINED (__DATA_REGION_LENGTH__)?__DATA_REGION_LENGTH__:0xffa0
                [0x00000400]                      __EEPROM_REGION_LENGTH__ = DEFINED (__EEPROM_REGION_LENGTH__)?__EEPROM_REGION_LENGTH__:0x10000
                [0x00000002]                      __FUSE_REGION_LENGTH__ = DEFINED (__FUSE_REGION_LENGTH__)?__FUSE_REGION_LENGTH__:0x400
                0x00000400                        __LOCK_REGION_LENGTH__ = DEFINED (__LOCK_REGION_LENGTH__)?__LOCK_REGION_LENGTH__:0x400
                0x00000400                        __SIGNATURE_REGION_LENGTH__ = DEFINED (__SIGNATURE_REGION_LENGTH__)?__SIGNATURE_REGION_LENGTH__:0x400
                0x00000400                        __USER_SIGNATURE_REGION_LENGTH__ = DEFINED (__USER_SIGNATURE_REGION_LENGTH__)?__USER_SIGNATURE_REGION_LENGTH__:0x400

.hash
 *(.hash)

.dynsym
 *(.dynsym)

.dynstr
 *(.dynstr)

.gnu.version
 *(.gnu.version)

.gnu.version_d
 *(.gnu.version_d)

.gnu.version_r
 *(.gnu.version_r)

.rel.init
 *(.rel.init)

.rela.init
 *(.rela.init)

.rel.text
 *(.rel.text)
 *(.rel.text.*)
 *(.rel.gnu.linkonce.t*)

.rela.text
 *(.rela.text)
 *(.rela.text.*)
 *(.rela.gnu.linkonce.t*)

.rel.fini
 *(.rel.fini)

.rela.fini
 *(.rela.fini)

.rel.rodata
 *(.rel.rodata)
 *(.rel.rodata.*)
 *(.rel.gnu.linkonce.r*)

.rela.rodata
 *(.rela.rodata)
 *(.rela.rodata.*)
 *(.rela.gnu.linkonce.r*)

.rel.data
 *(.rel.data)
 *(.rel.data.*)
 *(.rel.gnu.linkonce.d*)

.rela.data
 *(.rela.data)
 *(.rela.data.*)
 *(.rela.gnu.linkonce.d*)

.rel.ctors
 *(.rel.ctors)

.rela.ctors
 *(.rela.ctors)

.rel.dtors
 *(.rel.dtors)

.rela.dtors
 *(.rela.dtors)

.rel.got
 *(.rel.got)

.rela.got
 *(.rela.got)

.rel.bss
 *(.rel.bss)

.rela.bss
 *(.rela.bss)

.rel.plt
 *(.rel.plt)

.rela.plt
 *(.rela.plt)

.text           0x00000000      0x654
 *(.vectors)
 .vectors       0x00000000       0x54 C:/msys64/ucrt64/bin/../lib/gcc/avr/15.2.0/../../../../avr/lib/avr5/crtatmega32.o
                0x00000000                __vector_default
                0x00000000                __vectors
 *(.vectors)
                0x00000054                        __progmem_start = .
 *(.progmem)
 *(.progmem.*)
                0x00000054                        __progmem_end = .
                0x00000001                        ASSERT (((__progmem_start == __progmem_end) || (__progmem_end <= 0x10000)), .progmem section exceeds 0x10000)
                0x00000054                        . = ALIGN (0x2)
                0x00000054                        __trampolines_start = .
 *(.trampolines)
 .trampolines   0x00000054        0x0 linker stubs
 *(.trampolines*)
                0x00000054                        __trampolines_end = .
                0x00000054                        . = ALIGN (0x2)
 *(.lowtext)
 *(.lowtext*)
                0x00000054                        __ctors_start = .
 *(.ctors)
                0x00000054                        __ctors_end = .
                0x00000054                        __dtors_start = .
 *(.dtors)
                0x00000054                        __dtors_end = .
 SORT_BY_NAME(*)(.ctors)
 SORT_BY_NAME(*)(.dtors)
 *(.init0)
 .init0         0x00000054        0x0 C:/msys64/ucrt64/bin/../lib/gcc/avr/15.2.0/../../../../avr/lib/avr5/crtatmega32.o
                0x00000054                __init
 *(.init0)
 *(.init1)
 *(.init1)
 *(.init2)
 .init2         0x00000054        0x4 C:/msys64/ucrt64/bin/../lib/gcc/avr/15.2.0/../../../../avr/lib/avr5/crtatmega32.o
 .init2         0x00000058        0x8 C:/msys64/ucrt64/bin/../lib/gcc/avr/15.2.0/../../../../avr/lib/avr5\libatmega32.a(init_sp.o)
                0x00000058                __init_sp
 *(.init2)
 *(.init3)
 *(.init3)
 *(.init4)
 .init4         0x00000060       0x16 C:/msys64/ucrt64/bin/../lib/gcc/avr/15.2.0/avr5\libgcc.a(_copy_data.o)
                0x00000060                __do_copy_data
 .init4         0x00000076       0x10 C:/msys64/ucrt64/bin/../lib/gcc/avr/15.2.0/avr5\libgcc.a(_clear_bss.o)
                0x00000076                __do_clear_bss
 *(.init4)
 *(.init5)
 *(.init5)
 *(.init6)
 *(.init6)
 *(.init7)
 *(.init7)
 *(.init8)
 *(.init8)
 *(.init9)
 .init9         0x00000086        0x8 C:/msys64/ucrt64/bin/../lib/gcc/avr/15.2.0/../../../../avr/lib/avr5\libatmega32.a(call_main.o)
                0x00000086                __call_main
 *(.init9)
 *(.text)
 .text          0x0000008e        0x4 C:/msys64/ucrt64/bin/../lib/gcc/avr/15.2.0/../../../../avr/lib/avr5/crtatmega32.o
                0x0000008e                __vector_12
                0x0000008e                __bad_interrupt
                0x0000008e                __vector_6
                0x0000008e                __vector_3
                0x0000008e                __vector_11
                0x0000008e                __vector_13
                0x0000008e                __vector_17
                0x0000008e                __vector_19
                0x0000008e                __vector_7
                0x0000008e                __vector_5
                0x0000008e                __vector_4
                0x0000008e                __vector_9
                0x0000008e                __vector_2
                0x0000008e                __vector_15
                0x0000008e                __vector_8
                0x0000008e                __vector_14
                0x0000008e                __vector_10
                0x0000008e                __vector_16
                0x0000008e                __vector_18
                0x0000008e                __vector_20
 .text          0x00000092        0x0 ./Source/adc.o
 .text          0x00000092        0x0 ./Source/flame.o
 .text          0x00000092        0x0 ./Source/interrupt.o
 .text          0x00000092        0x0 ./Source/lcd.o
 .text          0x00000092        0x0 ./Source/motor.o
 .text          0x00000092        0x0 ./Source/outputs.o
 .text          0x00000092        0x0 ./Source/pwm.o
 .text          0x00000092        0x0 ./main.o
 .text          0x00000092        0x0 C:/msys64/ucrt64/bin/../lib/gcc/avr/15.2.0/avr5\libgcc.a(_umulhisi3.o)
 .text          0x00000092        0x0 C:/msys64/ucrt64/bin/../lib/gcc/avr/15.2.0/avr5\libgcc.a(_udivmodhi4.o)
 .text          0x00000092        0x0 C:/msys64/ucrt64/bin/../lib/gcc/avr/15.2.0/avr5\libgcc.a(_udivmodsi4.o)
 .text          0x00000092        0x0 C:/msys64/ucrt64/bin/../lib/gcc/avr/15.2.0/avr5\libgcc.a(_copy_data.o)
 .text          0x00000092        0x0 C:/msys64/ucrt64/bin/../lib/gcc/avr/15.2.0/avr5\libgcc.a(_clear_bss.o)
 .text          0x00000092        0x0 C:/msys64/ucrt64/bin/../lib/gcc/avr/15.2.0/../../../../avr/lib/avr5\libatmega32.a(init_sp.o)
 .text          0x00000092        0x0 C:/msys64/ucrt64/bin/../lib/gcc/avr/15.2.0/../../../../avr/lib/avr5\libatmega32.a(call_main.o)
 .text          0x00000092        0x0 C:/msys64/ucrt64/bin/../lib/gcc/avr/15.2.0/avr5\libgcc.a(_exit.o)
                0x00000092                        . = ALIGN (0x2)
 *(.text.*)
 .text.ADC_init
                0x00000092        0xa ./Source/adc.o
                0x00000092                ADC_init
 .text.ADC_read
                0x0000009c       0x18 ./Source/adc.o
                0x0000009c                ADC_read
 .text.FlameSensor_init
                0x000000b4        0x6 ./Source/flame.o
                0x000000b4                FlameSensor_init
 .text.FlameSensor_detected
                0x000000ba        0x8 ./Source/flame.o
                0x000000ba                FlameSensor_detected
 .text.__vector_1
                0x000000c2       0x1e ./Source/interrupt.o
                0x000000c2                __vector_1
 .text.INT0_Init
                0x000000e0       0x1e ./Source/interrupt.o
                0x000000e0                INT0_Init
 .text.LCD_sendNibble
                0x000000fe       0x42 ./Source/lcd.o
 .text.LCD_sendByte
                0x00000140       0x3a ./Source/lcd.o
 .text.LCD_init
                0x0000017a       0x7c ./Source/lcd.o
                0x0000017a                LCD_init
 .text.LCD_clear
                0x000001f6       0x16 ./Source/lcd.o
                0x000001f6                LCD_clear
 .text.LCD_goto
                0x0000020c       0x12 ./Source/lcd.o
                0x0000020c                LCD_goto
 .text.LCD_writeChar
                0x0000021e        0x6 ./Source/lcd.o
                0x0000021e                LCD_writeChar
 .text.LCD_writeStr
                0x00000224       0x1a ./Source/lcd.o
                0x00000224                LCD_writeStr
 .text.LCD_writeNum
                0x0000023e       0x9a ./Source/lcd.o
                0x0000023e                LCD_writeNum
 .text.Motor_init
                0x000002d8        0xe ./Source/motor.o
                0x000002d8                Motor_init
 .text.Motor_forward
                0x000002e6        0x6 ./Source/motor.o
                0x000002e6                Motor_forward
 .text.Motor_stop
                0x000002ec        0x8 ./Source/motor.o
                0x000002ec                Motor_stop
 .text.Outputs_init
                0x000002f4        0xe ./Source/outputs.o
                0x000002f4                Outputs_init
 .text.Buzzer_on
                0x00000302        0x4 ./Source/outputs.o
                0x00000302                Buzzer_on
 .text.Buzzer_off
                0x00000306        0x4 ./Source/outputs.o
                0x00000306                Buzzer_off
 .text.LEDs_allOn
                0x0000030a        0x8 ./Source/outputs.o
                0x0000030a                LEDs_allOn
 .text.LEDs_allOff
                0x00000312        0x8 ./Source/outputs.o
                0x00000312                LEDs_allOff
 .text.LEDs_set
                0x0000031a       0x20 ./Source/outputs.o
                0x0000031a                LEDs_set
 .text.PWM_init
                0x0000033a       0x10 ./Source/pwm.o
                0x0000033a                PWM_init
 .text.PWM_setDuty
                0x0000034a       0x32 ./Source/pwm.o
                0x0000034a                PWM_setDuty
 .text.startup.main
                0x0000037c      0x24a ./main.o
                0x0000037c                main
 .text.libgcc.mul
                0x000005c6       0x1e C:/msys64/ucrt64/bin/../lib/gcc/avr/15.2.0/avr5\libgcc.a(_umulhisi3.o)
                0x000005c6                __umulhisi3
 .text.libgcc.div
                0x000005e4        0x0 C:/msys64/ucrt64/bin/../lib/gcc/avr/15.2.0/avr5\libgcc.a(_umulhisi3.o)
 .text.libgcc   0x000005e4        0x0 C:/msys64/ucrt64/bin/../lib/gcc/avr/15.2.0/avr5\libgcc.a(_umulhisi3.o)
 .text.libgcc.prologue
                0x000005e4        0x0 C:/msys64/ucrt64/bin/../lib/gcc/avr/15.2.0/avr5\libgcc.a(_umulhisi3.o)
 .text.libgcc.builtins
                0x000005e4        0x0 C:/msys64/ucrt64/bin/../lib/gcc/avr/15.2.0/avr5\libgcc.a(_umulhisi3.o)
 .text.libgcc.fmul
                0x000005e4        0x0 C:/msys64/ucrt64/bin/../lib/gcc/avr/15.2.0/avr5\libgcc.a(_umulhisi3.o)
 .text.libgcc.fixed
                0x000005e4        0x0 C:/msys64/ucrt64/bin/../lib/gcc/avr/15.2.0/avr5\libgcc.a(_umulhisi3.o)
 .text.libgcc.mul
                0x000005e4        0x0 C:/msys64/ucrt64/bin/../lib/gcc/avr/15.2.0/avr5\libgcc.a(_udivmodhi4.o)
 .text.libgcc.div
                0x000005e4       0x28 C:/msys64/ucrt64/bin/../lib/gcc/avr/15.2.0/avr5\libgcc.a(_udivmodhi4.o)
                0x000005e4                __udivmodhi4
 .text.libgcc   0x0000060c        0x0 C:/msys64/ucrt64/bin/../lib/gcc/avr/15.2.0/avr5\libgcc.a(_udivmodhi4.o)
 .text.libgcc.prologue
                0x0000060c        0x0 C:/msys64/ucrt64/bin/../lib/gcc/avr/15.2.0/avr5\libgcc.a(_udivmodhi4.o)
 .text.libgcc.builtins
                0x0000060c        0x0 C:/msys64/ucrt64/bin/../lib/gcc/avr/15.2.0/avr5\libgcc.a(_udivmodhi4.o)
 .text.libgcc.fmul
                0x0000060c        0x0 C:/msys64/ucrt64/bin/../lib/gcc/avr/15.2.0/avr5\libgcc.a(_udivmodhi4.o)
 .text.libgcc.fixed
                0x0000060c        0x0 C:/msys64/ucrt64/bin/../lib/gcc/avr/15.2.0/avr5\libgcc.a(_udivmodhi4.o)
 .text.libgcc.mul
                0x0000060c        0x0 C:/msys64/ucrt64/bin/../lib/gcc/avr/15.2.0/avr5\libgcc.a(_udivmodsi4.o)
 .text.libgcc.div
                0x0000060c       0x44 C:/msys64/ucrt64/bin/../lib/gcc/avr/15.2.0/avr5\libgcc.a(_udivmodsi4.o)
                0x0000060c                __udivmodsi4
 .text.libgcc   0x00000650        0x0 C:/msys64/ucrt64/bin/../lib/gcc/avr/15.2.0/avr5\libgcc.a(_udivmodsi4.o)
 .text.libgcc.prologue
                0x00000650        0x0 C:/msys64/ucrt64/bin/../lib/gcc/avr/15.2.0/avr5\libgcc.a(_udivmodsi4.o)
 .text.libgcc.builtins
                0x00000650        0x0 C:/msys64/ucrt64/bin/../lib/gcc/avr/15.2.0/avr5\libgcc.a(_udivmodsi4.o)
 .text.libgcc.fmul
                0x00000650        0x0 C:/msys64/ucrt64/bin/../lib/gcc/avr/15.2.0/avr5\libgcc.a(_udivmodsi4.o)
 .text.libgcc.fixed
                0x00000650        0x0 C:/msys64/ucrt64/bin/../lib/gcc/avr/15.2.0/avr5\libgcc.a(_udivmodsi4.o)
 .text.libgcc.mul
                0x00000650        0x0 C:/msys64/ucrt64/bin/../lib/gcc/avr/15.2.0/avr5\libgcc.a(_copy_data.o)
 .text.libgcc.div
                0x00000650        0x0 C:/msys64/ucrt64/bin/../lib/gcc/avr/15.2.0/avr5\libgcc.a(_copy_data.o)
 .text.libgcc   0x00000650        0x0 C:/msys64/ucrt64/bin/../lib/gcc/avr/15.2.0/avr5\libgcc.a(_copy_data.o)
 .text.libgcc.prologue
                0x00000650        0x0 C:/msys64/ucrt64/bin/../lib/gcc/avr/15.2.0/avr5\libgcc.a(_copy_data.o)
 .text.libgcc.builtins
                0x00000650        0x0 C:/msys64/ucrt64/bin/../lib/gcc/avr/15.2.0/avr5\libgcc.a(_copy_data.o)
 .text.libgcc.fmul
                0x00000650        0x0 C:/msys64/ucrt64/bin/../lib/gcc/avr/15.2.0/avr5\libgcc.a(_copy_data.o)
 .text.libgcc.fixed
                0x00000650        0x0 C:/msys64/ucrt64/bin/../lib/gcc/avr/15.2.0/avr5\libgcc.a(_copy_data.o)
 .text.libgcc.mul
                0x00000650        0x0 C:/msys64/ucrt64/bin/../lib/gcc/avr/15.2.0/avr5\libgcc.a(_clear_bss.o)
 .text.libgcc.div
                0x00000650        0x0 C:/msys64/ucrt64/bin/../lib/gcc/avr/15.2.0/avr5\libgcc.a(_clear_bss.o)
 .text.libgcc   0x00000650        0x0 C:/msys64/ucrt64/bin/../lib/gcc/avr/15.2.0/avr5\libgcc.a(_clear_bss.o)
 .text.libgcc.prologue
                0x00000650        0x0 C:/msys64/ucrt64/bin/../lib/gcc/avr/15.2.0/avr5\libgcc.a(_clear_bss.o)
 .text.libgcc.builtins
                0x00000650        0x0 C:/msys64/ucrt64/bin/../lib/gcc/avr/15.2.0/avr5\libgcc.a(_clear_bss.o)
 .text.libgcc.fmul
                0x00000650        0x0 C:/msys64/ucrt64/bin/../lib/gcc/avr/15.2.0/avr5\libgcc.a(_clear_bss.o)
 .text.libgcc.fixed
                0x00000650        0x0 C:/msys64/ucrt64/bin/../lib/gcc/avr/15.2.0/avr5\libgcc.a(_clear_bss.o)
 .text.libgcc.mul
                0x00000650        0x0 C:/msys64/ucrt64/bin/../lib/gcc/avr/15.2.0/avr5\libgcc.a(_exit.o)
 .text.libgcc.div
                0x00000650        0x0 C:/msys64/ucrt64/bin/../lib/gcc/avr/15.2.0/avr5\libgcc.a(_exit.o)
 .text.libgcc   0x00000650        0x0 C:/msys64/ucrt64/bin/../lib/gcc/avr/15.2.0/avr5\libgcc.a(_exit.o)
 .text.libgcc.prologue
                0x00000650        0x0 C:/msys64/ucrt64/bin/../lib/gcc/avr/15.2.0/avr5\libgcc.a(_exit.o)
 .text.libgcc.builtins
                0x00000650        0x0 C:/msys64/ucrt64/bin/../lib/gcc/avr/15.2.0/avr5\libgcc.a(_exit.o)
 .text.libgcc.fmul
                0x00000650        0x0 C:/msys64/ucrt64/bin/../lib/gcc/avr/15.2.0/avr5\libgcc.a(_exit.o)
 .text.libgcc.fixed
                0x00000650        0x0 C:/msys64/ucrt64/bin/../lib/gcc/avr/15.2.0/avr5\libgcc.a(_exit.o)
                0x00000650                        . = ALIGN (0x2)
 *(.fini9)
 .fini9         0x00000650        0x0 C:/msys64/ucrt64/bin/../lib/gcc/avr/15.2.0/avr5\libgcc.a(_exit.o)
                0x00000650                _exit
                0x00000650                exit
 *(.fini9)
 *(.fini8)
 *(.fini8)
 *(.fini7)
 *(.fini7)
 *(.fini6)
 *(.fini6)
 *(.fini5)
 *(.fini5)
 *(.fini4)
 *(.fini4)
 *(.fini3)
 *(.fini3)
 *(.fini2)
 *(.fini2)
 *(.fini1)
 *(.fini1)
 *(.fini0)
 .fini0         0x00000650        0x4 C:/msys64/ucrt64/bin/../lib/gcc/avr/15.2.0/avr5\libgcc.a(_exit.o)
 *(.fini0)
 *(.hightext)
 *(.hightext*)
 *(.progmemx)
 *(.progmemx.*)
                0x00000654                        . = ALIGN (0x2)
 *(.jumptables)
 *(.jumptables*)
                0x00000654                        _etext = .

.data           0x00800060       0x72 load address 0x00000654
                0x00800060                        PROVIDE (__data_start = .)
 *(.data)
 .data          0x00800060        0x0 C:/msys64/ucrt64/bin/../lib/gcc/avr/15.2.0/../../../../avr/lib/avr5/crtatmega32.o
 .data          0x00800060        0x0 ./Source/adc.o
 .data          0x00800060        0x0 ./Source/flame.o
 .data          0x00800060        0x0 ./Source/interrupt.o
 .data          0x00800060        0x0 ./Source/lcd.o
 .data          0x00800060        0x0 ./Source/motor.o
 .data          0x00800060        0x0 ./Source/outputs.o
 .data          0x00800060        0x0 ./Source/pwm.o
 .data          0x00800060        0x0 ./main.o
 .data          0x00800060        0x0 C:/msys64/ucrt64/bin/../lib/gcc/avr/15.2.0/avr5\libgcc.a(_umulhisi3.o)
 .data          0x00800060        0x0 C:/msys64/ucrt64/bin/../lib/gcc/avr/15.2.0/avr5\libgcc.a(_udivmodhi4.o)
 .data          0x00800060        0x0 C:/msys64/ucrt64/bin/../lib/gcc/avr/15.2.0/avr5\libgcc.a(_udivmodsi4.o)
 .data          0x00800060        0x0 C:/msys64/ucrt64/bin/../lib/gcc/avr/15.2.0/avr5\libgcc.a(_copy_data.o)
 .data          0x00800060        0x0 C:/msys64/ucrt64/bin/../lib/gcc/avr/15.2.0/avr5\libgcc.a(_clear_bss.o)
 .data          0x00800060        0x0 C:/msys64/ucrt64/bin/../lib/gcc/avr/15.2.0/../../../../avr/lib/avr5\libatmega32.a(init_sp.o)
 .data          0x00800060        0x0 C:/msys64/ucrt64/bin/../lib/gcc/avr/15.2.0/../../../../avr/lib/avr5\libatmega32.a(call_main.o)
 .data          0x00800060        0x0 C:/msys64/ucrt64/bin/../lib/gcc/avr/15.2.0/avr5\libgcc.a(_exit.o)
 *(.data*)
 *(.gnu.linkonce.d*)
 *(.rodata)
 *(.rodata*)
 .rodata.main.str1.1
                0x00800060       0x72 ./main.o
                                 0x76 (size before relaxing)
 *(.gnu.linkonce.r*)
                0x008000d2                        . = ALIGN (0x2)
                0x008000d2                        _edata = .
                0x008000d2                        PROVIDE (__data_end = .)

.bss            0x008000d2        0x1
                0x008000d2                        PROVIDE (__bss_start = .)
 *(.bss)
 .bss           0x008000d2        0x0 C:/msys64/ucrt64/bin/../lib/gcc/avr/15.2.0/../../../../avr/lib/avr5/crtatmega32.o
 .bss           0x008000d2        0x0 ./Source/adc.o
 .bss           0x008000d2        0x0 ./Source/flame.o
 .bss           0x008000d2        0x0 ./Source/interrupt.o
 .bss           0x008000d2        0x0 ./Source/lcd.o
 .bss           0x008000d2        0x0 ./Source/motor.o
 .bss           0x008000d2        0x0 ./Source/outputs.o
 .bss           0x008000d2        0x0 ./Source/pwm.o
 .bss           0x008000d2        0x0 ./main.o
 .bss           0x008000d2        0x0 C:/msys64/ucrt64/bin/../lib/gcc/avr/15.2.0/avr5\libgcc.a(_umulhisi3.o)
 .bss           0x008000d2        0x0 C:/msys64/ucrt64/bin/../lib/gcc/avr/15.2.0/avr5\libgcc.a(_udivmodhi4.o)
 .bss           0x008000d2        0x0 C:/msys64/ucrt64/bin/../lib/gcc/avr/15.2.0/avr5\libgcc.a(_udivmodsi4.o)
 .bss           0x008000d2        0x0 C:/msys64/ucrt64/bin/../lib/gcc/avr/15.2.0/avr5\libgcc.a(_copy_data.o)
 .bss           0x008000d2        0x0 C:/msys64/ucrt64/bin/../lib/gcc/avr/15.2.0/avr5\libgcc.a(_clear_bss.o)
 .bss           0x008000d2        0x0 C:/msys64/ucrt64/bin/../lib/gcc/avr/15.2.0/../../../../avr/lib/avr5\libatmega32.a(init_sp.o)
 .bss           0x008000d2        0x0 C:/msys64/ucrt64/bin/../lib/gcc/avr/15.2.0/../../../../avr/lib/avr5\libatmega32.a(call_main.o)
 .bss           0x008000d2        0x0 C:/msys64/ucrt64/bin/../lib/gcc/avr/15.2.0/avr5\libgcc.a(_exit.o)
 *(.bss*)
 .bss.g_emergency
                0x008000d2        0x1 ./Source/interrupt.o
                0x008000d2                g_emergency
 *(COMMON)
                0x008000d3                        PROVIDE (__bss_end = .)
                0x00000654                        __data_load_start = LOADADDR (.data)
                0x000006c6                        __data_load_end = (__data_load_start + SIZEOF (.data))

.noinit         0x008000d3        0x0
                [!provide]                        PROVIDE (__noinit_start = .)
 *(.noinit .noinit.* .gnu.linkonce.n.*)
                [!provide]                        PROVIDE (__noinit_end = .)
                0x008000d3                        _end = .
                [!provide]                        PROVIDE (__heap_start = .)
                0x00000000                        __flmap_init_label = DEFINED (__flmap_noinit_start)?__flmap_noinit_start:0x0
                0x00000000                        __flmap = DEFINED (__flmap)?__flmap:0x0

.eeprom         0x00810000        0x0
 *(.eeprom*)
                0x00810000                        __eeprom_end = .

.fuse
 *(.fuse)
 *(.lfuse)
 *(.hfuse)
 *(.efuse)

.lock
 *(.lock*)

.signature
 *(.signature*)

.stab
 *(.stab)

.stabstr
 *(.stabstr)

.stab.excl
 *(.stab.excl)

.stab.exclstr
 *(.stab.exclstr)

.stab.index
 *(.stab.index)

.stab.indexstr
 *(.stab.indexstr)

.comment        0x00000000       0x12
 *(.comment)
 .comment       0x00000000       0x12 ./Source/adc.o
                                 0x13 (size before relaxing)
 .comment       0x00000012        0x0 ./Source/flame.o
                                 0x13 (size before relaxing)
 .comment       0x00000012        0x0 ./Source/interrupt.o
                                 0x13 (size before relaxing)
 .comment       0x00000012        0x0 ./Source/lcd.o
                                 0x13 (size before relaxing)
 .comment       0x00000012        0x0 ./Source/motor.o
                                 0x13 (size before relaxing)
 .comment       0x00000012        0x0 ./Source/outputs.o
                                 0x13 (size before relaxing)
 .comment       0x00000012        0x0 ./Source/pwm.o
                                 0x13 (size before relaxing)
 .comment       0x00000012        0x0 ./main.o
                                 0x13 (size before relaxing)

.note.gnu.avr.deviceinfo
                0x00000000       0x3c
 .note.gnu.avr.deviceinfo
                0x00000000       0x3c C:/msys64/ucrt64/bin/../lib/gcc/avr/15.2.0/../../../../avr/lib/avr5/crtatmega32.o

.gnu.build.attributes
 *(.gnu.build.attributes .gnu.build.attributes.*)

.note.gnu.build-id
 *(.note.gnu.build-id)

.debug
 *(.debug)

.line
 *(.line)

.debug_srcinfo
 *(.debug_srcinfo)

.debug_sfnames
 *(.debug_sfnames)

.debug_aranges  0x00000000      0x190
 *(.debug_aranges)
 .debug_aranges
                0x00000000       0x28 ./Source/adc.o
 .debug_aranges
                0x00000028       0x28 ./Source/flame.o
 .debug_aranges
                0x00000050       0x28 ./Source/interrupt.o
 .debug_aranges
                0x00000078       0x58 ./Source/lcd.o
 .debug_aranges
                0x000000d0       0x30 ./Source/motor.o
 .debug_aranges
                0x00000100       0x48 ./Source/outputs.o
 .debug_aranges
                0x00000148       0x28 ./Source/pwm.o
 .debug_aranges
                0x00000170       0x20 ./main.o

.debug_pubnames
 *(.debug_pubnames)

.debug_info     0x00000000     0x1628
 *(.debug_info .gnu.linkonce.wi.*)
 .debug_info    0x00000000      0x4e6 C:/msys64/ucrt64/bin/../lib/gcc/avr/15.2.0/../../../../avr/lib/avr5/crtatmega32.o
 .debug_info    0x000004e6       0xc3 ./Source/adc.o
 .debug_info    0x000005a9       0xa1 ./Source/flame.o
 .debug_info    0x0000064a       0xba ./Source/interrupt.o
 .debug_info    0x00000704      0x61b ./Source/lcd.o
 .debug_info    0x00000d1f       0xa9 ./Source/motor.o
 .debug_info    0x00000dc8       0xfe ./Source/outputs.o
 .debug_info    0x00000ec6       0xc0 ./Source/pwm.o
 .debug_info    0x00000f86      0x6a2 ./main.o

.debug_abbrev   0x00000000      0xae0
 *(.debug_abbrev)
 .debug_abbrev  0x00000000      0x4a3 C:/msys64/ucrt64/bin/../lib/gcc/avr/15.2.0/../../../../avr/lib/avr5/crtatmega32.o
 .debug_abbrev  0x000004a3       0x84 ./Source/adc.o
 .debug_abbrev  0x00000527       0x6d ./Source/flame.o
 .debug_abbrev  0x00000594       0x7c ./Source/interrupt.o
 .debug_abbrev  0x00000610      0x1f1 ./Source/lcd.o
 .debug_abbrev  0x00000801       0x54 ./Source/motor.o
 .debug_abbrev  0x00000855       0x82 ./Source/outputs.o
 .debug_abbrev  0x000008d7       0x82 ./Source/pwm.o
 .debug_abbrev  0x00000959      0x187 ./main.o

.debug_line     0x00000000     0x12a1
 *(.debug_line .debug_line.* .debug_line_end)
 .debug_line    0x00000000       0x1d C:/msys64/ucrt64/bin/../lib/gcc/avr/15.2.0/../../../../avr/lib/avr5/crtatmega32.o
 .debug_line    0x0000001d       0xf9 ./Source/adc.o
 .debug_line    0x00000116       0xa1 ./Source/flame.o
 .debug_line    0x000001b7       0xfa ./Source/interrupt.o
 .debug_line    0x000002b1      0x708 ./Source/lcd.o
 .debug_line    0x000009b9       0xe6 ./Source/motor.o
 .debug_line    0x00000a9f      0x1fd ./Source/outputs.o
 .debug_line    0x00000c9c      0x133 ./Source/pwm.o
 .debug_line    0x00000dcf      0x4d2 ./main.o

.debug_frame    0x00000000      0x27c
 *(.debug_frame)
 .debug_frame   0x00000000       0x34 ./Source/adc.o
 .debug_frame   0x00000034       0x34 ./Source/flame.o
 .debug_frame   0x00000068       0x3c ./Source/interrupt.o
 .debug_frame   0x000000a4       0xc0 ./Source/lcd.o
 .debug_frame   0x00000164       0x44 ./Source/motor.o
 .debug_frame   0x000001a8       0x74 ./Source/outputs.o
 .debug_frame   0x0000021c       0x34 ./Source/pwm.o
 .debug_frame   0x00000250       0x2c ./main.o

.debug_str      0x00000000      0x474
 *(.debug_str)
 .debug_str     0x00000000      0x196 C:/msys64/ucrt64/bin/../lib/gcc/avr/15.2.0/../../../../avr/lib/avr5/crtatmega32.o
 .debug_str     0x00000196      0x2de ./Source/adc.o
                                0x16c (size before relaxing)
 .debug_str     0x00000474        0x0 ./Source/flame.o
                                0x177 (size before relaxing)
 .debug_str     0x00000474        0x0 ./Source/interrupt.o
                                0x172 (size before relaxing)
 .debug_str     0x00000474        0x0 ./Source/lcd.o
                                0x20b (size before relaxing)
 .debug_str     0x00000474        0x0 ./Source/motor.o
                                0x175 (size before relaxing)
 .debug_str     0x00000474        0x0 ./Source/outputs.o
                                0x193 (size before relaxing)
 .debug_str     0x00000474        0x0 ./Source/pwm.o
                                0x16f (size before relaxing)
 .debug_str     0x00000474        0x0 ./main.o
                                0x2ba (size before relaxing)

.debug_loc
 *(.debug_loc)

.debug_macinfo
 *(.debug_macinfo)

.debug_weaknames
 *(.debug_weaknames)

.debug_funcnames
 *(.debug_funcnames)

.debug_typenames
 *(.debug_typenames)

.debug_varnames
 *(.debug_varnames)

.debug_pubtypes
 *(.debug_pubtypes)

.debug_ranges
 *(.debug_ranges)

.debug_addr
 *(.debug_addr)

.debug_line_str
                0x00000000      0x16e
 *(.debug_line_str)
 .debug_line_str
                0x00000000      0x16e ./Source/adc.o
                                 0xcc (size before relaxing)
 .debug_line_str
                0x0000016e        0x0 ./Source/flame.o
                                 0xd2 (size before relaxing)
 .debug_line_str
                0x0000016e        0x0 ./Source/interrupt.o
                                 0xfe (size before relaxing)
 .debug_line_str
                0x0000016e        0x0 ./Source/lcd.o
                                 0xf6 (size before relaxing)
 .debug_line_str
                0x0000016e        0x0 ./Source/motor.o
                                 0xd2 (size before relaxing)
 .debug_line_str
                0x0000016e        0x0 ./Source/outputs.o
                                 0xd8 (size before relaxing)
 .debug_line_str
                0x0000016e        0x0 ./Source/pwm.o
                                 0xcc (size before relaxing)
 .debug_line_str
                0x0000016e        0x0 ./main.o
                                0x130 (size before relaxing)

.debug_loclists
                0x00000000      0x50a
 *(.debug_loclists)
 .debug_loclists
                0x00000000       0x29 ./Source/adc.o
 .debug_loclists
                0x00000029      0x359 ./Source/lcd.o
 .debug_loclists
                0x00000382       0x30 ./Source/pwm.o
 .debug_loclists
                0x000003b2      0x158 ./main.o

.debug_macro
 *(.debug_macro)

.debug_names
 *(.debug_names)

.debug_rnglists
                0x00000000      0x114
 *(.debug_rnglists)
 .debug_rnglists
                0x00000000       0x19 ./Source/adc.o
 .debug_rnglists
                0x00000019       0x19 ./Source/flame.o
 .debug_rnglists
                0x00000032       0x19 ./Source/interrupt.o
 .debug_rnglists
                0x0000004b       0x3e ./Source/lcd.o
 .debug_rnglists
                0x00000089       0x1f ./Source/motor.o
 .debug_rnglists
                0x000000a8       0x31 ./Source/outputs.o
 .debug_rnglists
                0x000000d9       0x19 ./Source/pwm.o
 .debug_rnglists
                0x000000f2       0x22 ./main.o

.debug_str_offsets
 *(.debug_str_offsets)

.debug_sup
 *(.debug_sup)
OUTPUT(SmartHome.elf elf32-avr)
LOAD linker stubs
