Archive member included to satisfy reference by file (symbol)

C:/msys64/ucrt64/bin/../lib/gcc/avr/15.2.0/avr5\libgcc.a(_copy_data.o)
                              ./src/Fan.o (__do_copy_data)
C:/msys64/ucrt64/bin/../lib/gcc/avr/15.2.0/avr5\libgcc.a(_clear_bss.o)
                              ./src/Fan.o (__do_clear_bss)
C:/msys64/ucrt64/bin/../lib/gcc/avr/15.2.0/../../../../avr/lib/avr5\libm.a(cmpsf2.o)
                              ./src/Fan.o (__ltsf2)
C:/msys64/ucrt64/bin/../lib/gcc/avr/15.2.0/../../../../avr/lib/avr5\libm.a(fixunssfsi.o)
                              ./src/Fan.o (__fixunssfsi)
C:/msys64/ucrt64/bin/../lib/gcc/avr/15.2.0/../../../../avr/lib/avr5\libm.a(fp_cmp.o)
                              C:/msys64/ucrt64/bin/../lib/gcc/avr/15.2.0/../../../../avr/lib/avr5\libm.a(cmpsf2.o) (__fp_cmp)
C:/msys64/ucrt64/bin/../lib/gcc/avr/15.2.0/../../../../avr/lib/avr5\libm.a(fp_split3.o)
                              C:/msys64/ucrt64/bin/../lib/gcc/avr/15.2.0/../../../../avr/lib/avr5\libm.a(fixunssfsi.o) (__fp_splitA)
C:/msys64/ucrt64/bin/../lib/gcc/avr/15.2.0/../../../../avr/lib/avr5\libm.a(fp_zero.o)
                              C:/msys64/ucrt64/bin/../lib/gcc/avr/15.2.0/../../../../avr/lib/avr5\libm.a(fixunssfsi.o) (__fp_zero)
C:/msys64/ucrt64/bin/../lib/gcc/avr/15.2.0/../../../../avr/lib/avr5\libm.a(gesf2.o)
                              ./src/Fan.o (__gtsf2)
C:/msys64/ucrt64/bin/../lib/gcc/avr/15.2.0/../../../../avr/lib/avr5\libm.a(mulsf3.o)
                              ./src/Fan.o (__mulsf3)
C:/msys64/ucrt64/bin/../lib/gcc/avr/15.2.0/../../../../avr/lib/avr5\libm.a(mulsf3x.o)
                              C:/msys64/ucrt64/bin/../lib/gcc/avr/15.2.0/../../../../avr/lib/avr5\libm.a(mulsf3.o) (__mulsf3x)
C:/msys64/ucrt64/bin/../lib/gcc/avr/15.2.0/../../../../avr/lib/avr5\libm.a(fp_inf.o)
                              C:/msys64/ucrt64/bin/../lib/gcc/avr/15.2.0/../../../../avr/lib/avr5\libm.a(mulsf3x.o) (__fp_inf)
C:/msys64/ucrt64/bin/../lib/gcc/avr/15.2.0/../../../../avr/lib/avr5\libm.a(fp_nan.o)
                              C:/msys64/ucrt64/bin/../lib/gcc/avr/15.2.0/../../../../avr/lib/avr5\libm.a(mulsf3x.o) (__fp_nan)
C:/msys64/ucrt64/bin/../lib/gcc/avr/15.2.0/../../../../avr/lib/avr5\libm.a(fp_pscA.o)
                              C:/msys64/ucrt64/bin/../lib/gcc/avr/15.2.0/../../../../avr/lib/avr5\libm.a(mulsf3x.o) (__fp_pscA)
C:/msys64/ucrt64/bin/../lib/gcc/avr/15.2.0/../../../../avr/lib/avr5\libm.a(fp_pscB.o)
                              C:/msys64/ucrt64/bin/../lib/gcc/avr/15.2.0/../../../../avr/lib/avr5\libm.a(mulsf3x.o) (__fp_pscB)
C:/msys64/ucrt64/bin/../lib/gcc/avr/15.2.0/../../../../avr/lib/avr5\libm.a(fp_round.o)
                              C:/msys64/ucrt64/bin/../lib/gcc/avr/15.2.0/../../../../avr/lib/avr5\libm.a(mulsf3.o) (__fp_round)
C:/msys64/ucrt64/bin/../lib/gcc/avr/15.2.0/../../../../avr/lib/avr5\libatmega16.a(init_sp.o)
                              C:/msys64/ucrt64/bin/../lib/gcc/avr/15.2.0/../../../../avr/lib/avr5/crtatmega16.o (__init_sp)
C:/msys64/ucrt64/bin/../lib/gcc/avr/15.2.0/../../../../avr/lib/avr5\libatmega16.a(call_main.o)
                              C:/msys64/ucrt64/bin/../lib/gcc/avr/15.2.0/../../../../avr/lib/avr5/crtatmega16.o (__call_main)
C:/msys64/ucrt64/bin/../lib/gcc/avr/15.2.0/avr5\libgcc.a(_negsi2.o)
                              C:/msys64/ucrt64/bin/../lib/gcc/avr/15.2.0/../../../../avr/lib/avr5\libm.a(fixunssfsi.o) (__negsi2)
C:/msys64/ucrt64/bin/../lib/gcc/avr/15.2.0/avr5\libgcc.a(_exit.o)
                              C:/msys64/ucrt64/bin/../lib/gcc/avr/15.2.0/../../../../avr/lib/avr5\libatmega16.a(call_main.o) (exit)

Merging object attributes


There are no discarded input sections

Memory Configuration

Name             Origin             Length             Attributes
text             0x00000000         0x00004000         xr
data             0x00800060         0x00000400         rw!x
eeprom           0x00810000         0x00000200         rw!x
fuse             0x00820000         0x00000002         rw!x
lock             0x00830000         0x00000400         rw!x
signature        0x00840000         0x00000400         rw!x
user_signatures  0x00850000         0x00000400         rw!x
*default*        0x00000000         0xffffffff

Linker script and memory map

LOAD C:/msys64/ucrt64/bin/../lib/gcc/avr/15.2.0/../../../../avr/lib/avr5/crtatmega16.o
LOAD ./src/Fan.o
LOAD ./src/LightingControl.o
LOAD ./src/main.o
START GROUP
LOAD C:/msys64/ucrt64/bin/../lib/gcc/avr/15.2.0/avr5\libgcc.a
LOAD C:/msys64/ucrt64/bin/../lib/gcc/avr/15.2.0/../../../../avr/lib/avr5\libm.a
LOAD C:/msys64/ucrt64/bin/../lib/gcc/avr/15.2.0/../../../../avr/lib/avr5\libc.a
LOAD C:/msys64/ucrt64/bin/../lib/gcc/avr/15.2.0/../../../../avr/lib/avr5\libatmega16.a
END GROUP
                [0x00000000]                      __TEXT_REGION_ORIGIN__ = DEFINED (__TEXT_REGION_ORIGIN__)?__TEXT_REGION_ORIGIN__:0x0
                [0x00004000]                      __TEXT_REGION_LENGTH__ = DEFINED (__TEXT_REGION_LENGTH__)?__TEXT_REGION_LENGTH__:0x20000
                [0x00800060]                      __DATA_REGION_ORIGIN__ = DEFINED (__DATA_REGION_ORIGIN__)?__DATA_REGION_ORIGIN__:0x800060
                [0x00000400]                      __DATA_REGION_LENGTH__ = DEFINED (__DATA_REGION_LENGTH__)?__DATA_REGION_LENGTH__:0xffa0
                [0x00000200]                      __EEPROM_REGION_LENGTH__ = DEFINED (__EEPROM_REGION_LENGTH__)?__EEPROM_REGION_LENGTH__:0x10000
                [0x00000002]                      __FUSE_REGION_LENGTH__ = DEFINED (__FUSE_REGION_LENGTH__)?__FUSE_REGION_LENGTH__:0x400
                0x00000400                        __LOCK_REGION_LENGTH__ = DEFINED (__LOCK_REGION_LENGTH__)?__LOCK_REGION_LENGTH__:0x400
                0x00000400                        __SIGNATURE_REGION_LENGTH__ = DEFINED (__SIGNATURE_REGION_LENGTH__)?__SIGNATURE_REGION_LENGTH__:0x400
                0x00000400                        __USER_SIGNATURE_REGION_LENGTH__ = DEFINED (__USER_SIGNATURE_REGION_LENGTH__)?__USER_SIGNATURE_REGION_LENGTH__:0x400

.hash
 *(.hash)

.dynsym
 *(.dynsym)

.dynstr
 *(.dynstr)

.gnu.version
 *(.gnu.version)

.gnu.version_d
 *(.gnu.version_d)

.gnu.version_r
 *(.gnu.version_r)

.rel.init
 *(.rel.init)

.rela.init
 *(.rela.init)

.rel.text
 *(.rel.text)
 *(.rel.text.*)
 *(.rel.gnu.linkonce.t*)

.rela.text
 *(.rela.text)
 *(.rela.text.*)
 *(.rela.gnu.linkonce.t*)

.rel.fini
 *(.rel.fini)

.rela.fini
 *(.rela.fini)

.rel.rodata
 *(.rel.rodata)
 *(.rel.rodata.*)
 *(.rel.gnu.linkonce.r*)

.rela.rodata
 *(.rela.rodata)
 *(.rela.rodata.*)
 *(.rela.gnu.linkonce.r*)

.rel.data
 *(.rel.data)
 *(.rel.data.*)
 *(.rel.gnu.linkonce.d*)

.rela.data
 *(.rela.data)
 *(.rela.data.*)
 *(.rela.gnu.linkonce.d*)

.rel.ctors
 *(.rel.ctors)

.rela.ctors
 *(.rela.ctors)

.rel.dtors
 *(.rel.dtors)

.rela.dtors
 *(.rela.dtors)

.rel.got
 *(.rel.got)

.rela.got
 *(.rela.got)

.rel.bss
 *(.rel.bss)

.rela.bss
 *(.rela.bss)

.rel.plt
 *(.rel.plt)

.rela.plt
 *(.rela.plt)

.text           0x00000000      0x6a6
 *(.vectors)
 .vectors       0x00000000       0x54 C:/msys64/ucrt64/bin/../lib/gcc/avr/15.2.0/../../../../avr/lib/avr5/crtatmega16.o
                0x00000000                __vector_default
                0x00000000                __vectors
 *(.vectors)
                0x00000054                        __progmem_start = .
 *(.progmem)
 *(.progmem.*)
                0x00000054                        __progmem_end = .
                0x00000001                        ASSERT (((__progmem_start == __progmem_end) || (__progmem_end <= 0x10000)), .progmem section exceeds 0x10000)
                0x00000054                        . = ALIGN (0x2)
                0x00000054                        __trampolines_start = .
 *(.trampolines)
 .trampolines   0x00000054        0x0 linker stubs
 *(.trampolines*)
                0x00000054                        __trampolines_end = .
                0x00000054                        . = ALIGN (0x2)
 *(.lowtext)
 *(.lowtext*)
                0x00000054                        __ctors_start = .
 *(.ctors)
                0x00000054                        __ctors_end = .
                0x00000054                        __dtors_start = .
 *(.dtors)
                0x00000054                        __dtors_end = .
 SORT_BY_NAME(*)(.ctors)
 SORT_BY_NAME(*)(.dtors)
 *(.init0)
 .init0         0x00000054        0x0 C:/msys64/ucrt64/bin/../lib/gcc/avr/15.2.0/../../../../avr/lib/avr5/crtatmega16.o
                0x00000054                __init
 *(.init0)
 *(.init1)
 *(.init1)
 *(.init2)
 .init2         0x00000054        0x4 C:/msys64/ucrt64/bin/../lib/gcc/avr/15.2.0/../../../../avr/lib/avr5/crtatmega16.o
 .init2         0x00000058        0x8 C:/msys64/ucrt64/bin/../lib/gcc/avr/15.2.0/../../../../avr/lib/avr5\libatmega16.a(init_sp.o)
                0x00000058                __init_sp
 *(.init2)
 *(.init3)
 *(.init3)
 *(.init4)
 .init4         0x00000060       0x16 C:/msys64/ucrt64/bin/../lib/gcc/avr/15.2.0/avr5\libgcc.a(_copy_data.o)
                0x00000060                __do_copy_data
 .init4         0x00000076       0x10 C:/msys64/ucrt64/bin/../lib/gcc/avr/15.2.0/avr5\libgcc.a(_clear_bss.o)
                0x00000076                __do_clear_bss
 *(.init4)
 *(.init5)
 *(.init5)
 *(.init6)
 *(.init6)
 *(.init7)
 *(.init7)
 *(.init8)
 *(.init8)
 *(.init9)
 .init9         0x00000086        0x8 C:/msys64/ucrt64/bin/../lib/gcc/avr/15.2.0/../../../../avr/lib/avr5\libatmega16.a(call_main.o)
                0x00000086                __call_main
 *(.init9)
 *(.text)
 .text          0x0000008e        0x4 C:/msys64/ucrt64/bin/../lib/gcc/avr/15.2.0/../../../../avr/lib/avr5/crtatmega16.o
                0x0000008e                __vector_1
                0x0000008e                __vector_12
                0x0000008e                __bad_interrupt
                0x0000008e                __vector_6
                0x0000008e                __vector_3
                0x0000008e                __vector_11
                0x0000008e                __vector_13
                0x0000008e                __vector_17
                0x0000008e                __vector_19
                0x0000008e                __vector_7
                0x0000008e                __vector_5
                0x0000008e                __vector_4
                0x0000008e                __vector_9
                0x0000008e                __vector_2
                0x0000008e                __vector_15
                0x0000008e                __vector_8
                0x0000008e                __vector_14
                0x0000008e                __vector_10
                0x0000008e                __vector_16
                0x0000008e                __vector_18
                0x0000008e                __vector_20
 .text          0x00000092        0x0 ./src/Fan.o
 .text          0x00000092        0x0 ./src/LightingControl.o
 .text          0x00000092        0x0 ./src/main.o
 .text          0x00000092        0x0 C:/msys64/ucrt64/bin/../lib/gcc/avr/15.2.0/avr5\libgcc.a(_copy_data.o)
 .text          0x00000092        0x0 C:/msys64/ucrt64/bin/../lib/gcc/avr/15.2.0/avr5\libgcc.a(_clear_bss.o)
 .text          0x00000092        0x0 C:/msys64/ucrt64/bin/../lib/gcc/avr/15.2.0/../../../../avr/lib/avr5\libm.a(cmpsf2.o)
 .text          0x00000092        0x0 C:/msys64/ucrt64/bin/../lib/gcc/avr/15.2.0/../../../../avr/lib/avr5\libm.a(fixunssfsi.o)
 .text          0x00000092        0x0 C:/msys64/ucrt64/bin/../lib/gcc/avr/15.2.0/../../../../avr/lib/avr5\libm.a(fp_cmp.o)
 .text          0x00000092        0x0 C:/msys64/ucrt64/bin/../lib/gcc/avr/15.2.0/../../../../avr/lib/avr5\libm.a(fp_split3.o)
 .text          0x00000092        0x0 C:/msys64/ucrt64/bin/../lib/gcc/avr/15.2.0/../../../../avr/lib/avr5\libm.a(fp_zero.o)
 .text          0x00000092        0x0 C:/msys64/ucrt64/bin/../lib/gcc/avr/15.2.0/../../../../avr/lib/avr5\libm.a(gesf2.o)
 .text          0x00000092        0x0 C:/msys64/ucrt64/bin/../lib/gcc/avr/15.2.0/../../../../avr/lib/avr5\libm.a(mulsf3.o)
 .text          0x00000092        0x0 C:/msys64/ucrt64/bin/../lib/gcc/avr/15.2.0/../../../../avr/lib/avr5\libm.a(mulsf3x.o)
 .text          0x00000092        0x0 C:/msys64/ucrt64/bin/../lib/gcc/avr/15.2.0/../../../../avr/lib/avr5\libm.a(fp_inf.o)
 .text          0x00000092        0x0 C:/msys64/ucrt64/bin/../lib/gcc/avr/15.2.0/../../../../avr/lib/avr5\libm.a(fp_nan.o)
 .text          0x00000092        0x0 C:/msys64/ucrt64/bin/../lib/gcc/avr/15.2.0/../../../../avr/lib/avr5\libm.a(fp_pscA.o)
 .text          0x00000092        0x0 C:/msys64/ucrt64/bin/../lib/gcc/avr/15.2.0/../../../../avr/lib/avr5\libm.a(fp_pscB.o)
 .text          0x00000092        0x0 C:/msys64/ucrt64/bin/../lib/gcc/avr/15.2.0/../../../../avr/lib/avr5\libm.a(fp_round.o)
 .text          0x00000092        0x0 C:/msys64/ucrt64/bin/../lib/gcc/avr/15.2.0/../../../../avr/lib/avr5\libatmega16.a(init_sp.o)
 .text          0x00000092        0x0 C:/msys64/ucrt64/bin/../lib/gcc/avr/15.2.0/../../../../avr/lib/avr5\libatmega16.a(call_main.o)
 .text          0x00000092        0x0 C:/msys64/ucrt64/bin/../lib/gcc/avr/15.2.0/avr5\libgcc.a(_negsi2.o)
 .text          0x00000092        0x0 C:/msys64/ucrt64/bin/../lib/gcc/avr/15.2.0/avr5\libgcc.a(_exit.o)
                0x00000092                        . = ALIGN (0x2)
 *(.text.*)
 .text.Apply_Speed
                0x00000092       0x5e ./src/Fan.o
 .text.FanInit  0x000000f0       0x96 ./src/Fan.o
                0x000000f0                FanInit
 .text.FanControl
                0x00000186      0x2c4 ./src/Fan.o
                0x00000186                FanControl
 .text.LightingControl
                0x0000044a        0xc ./src/LightingControl.o
                0x0000044a                LightingControl
 .text.main     0x00000456       0x12 ./src/main.o
                0x00000456                main
 .text.libgcc.mul
                0x00000468        0x0 C:/msys64/ucrt64/bin/../lib/gcc/avr/15.2.0/avr5\libgcc.a(_copy_data.o)
 .text.libgcc.div
                0x00000468        0x0 C:/msys64/ucrt64/bin/../lib/gcc/avr/15.2.0/avr5\libgcc.a(_copy_data.o)
 .text.libgcc   0x00000468        0x0 C:/msys64/ucrt64/bin/../lib/gcc/avr/15.2.0/avr5\libgcc.a(_copy_data.o)
 .text.libgcc.prologue
                0x00000468        0x0 C:/msys64/ucrt64/bin/../lib/gcc/avr/15.2.0/avr5\libgcc.a(_copy_data.o)
 .text.libgcc.builtins
                0x00000468        0x0 C:/msys64/ucrt64/bin/../lib/gcc/avr/15.2.0/avr5\libgcc.a(_copy_data.o)
 .text.libgcc.fmul
                0x00000468        0x0 C:/msys64/ucrt64/bin/../lib/gcc/avr/15.2.0/avr5\libgcc.a(_copy_data.o)
 .text.libgcc.fixed
                0x00000468        0x0 C:/msys64/ucrt64/bin/../lib/gcc/avr/15.2.0/avr5\libgcc.a(_copy_data.o)
 .text.libgcc.mul
                0x00000468        0x0 C:/msys64/ucrt64/bin/../lib/gcc/avr/15.2.0/avr5\libgcc.a(_clear_bss.o)
 .text.libgcc.div
                0x00000468        0x0 C:/msys64/ucrt64/bin/../lib/gcc/avr/15.2.0/avr5\libgcc.a(_clear_bss.o)
 .text.libgcc   0x00000468        0x0 C:/msys64/ucrt64/bin/../lib/gcc/avr/15.2.0/avr5\libgcc.a(_clear_bss.o)
 .text.libgcc.prologue
                0x00000468        0x0 C:/msys64/ucrt64/bin/../lib/gcc/avr/15.2.0/avr5\libgcc.a(_clear_bss.o)
 .text.libgcc.builtins
                0x00000468        0x0 C:/msys64/ucrt64/bin/../lib/gcc/avr/15.2.0/avr5\libgcc.a(_clear_bss.o)
 .text.libgcc.fmul
                0x00000468        0x0 C:/msys64/ucrt64/bin/../lib/gcc/avr/15.2.0/avr5\libgcc.a(_clear_bss.o)
 .text.libgcc.fixed
                0x00000468        0x0 C:/msys64/ucrt64/bin/../lib/gcc/avr/15.2.0/avr5\libgcc.a(_clear_bss.o)
 .text.avr-libc.fplib
                0x00000468        0xa C:/msys64/ucrt64/bin/../lib/gcc/avr/15.2.0/../../../../avr/lib/avr5\libm.a(cmpsf2.o)
                0x00000468                __nesf2
                0x00000468                __eqsf2
                0x00000468                __cmpsf2
                0x00000468                __ltsf2
                0x00000468                __lesf2
 .text.avr-libc.fplib
                0x00000472       0x52 C:/msys64/ucrt64/bin/../lib/gcc/avr/15.2.0/../../../../avr/lib/avr5\libm.a(fixunssfsi.o)
                0x00000472                __fixunssfsi
 .text.avr-libc.fplib
                0x000004c4       0x48 C:/msys64/ucrt64/bin/../lib/gcc/avr/15.2.0/../../../../avr/lib/avr5\libm.a(fp_cmp.o)
                0x000004c4                __fp_cmp
 .text.avr-libc.fplib
                0x0000050c       0x44 C:/msys64/ucrt64/bin/../lib/gcc/avr/15.2.0/../../../../avr/lib/avr5\libm.a(fp_split3.o)
                0x0000050c                __fp_split3
                0x0000051c                __fp_splitA
 .text.avr-libc.fplib
                0x00000550        0xe C:/msys64/ucrt64/bin/../lib/gcc/avr/15.2.0/../../../../avr/lib/avr5\libm.a(fp_zero.o)
                0x00000550                __fp_zero
                0x00000552                __fp_szero
 .text.avr-libc.fplib
                0x0000055e        0xa C:/msys64/ucrt64/bin/../lib/gcc/avr/15.2.0/../../../../avr/lib/avr5\libm.a(gesf2.o)
                0x0000055e                __gesf2
                0x0000055e                __gtsf2
 .text.avr-libc.fplib
                0x00000568        0x8 C:/msys64/ucrt64/bin/../lib/gcc/avr/15.2.0/../../../../avr/lib/avr5\libm.a(mulsf3.o)
                0x00000568                __mulsf3
 .text.avr-libc.fplib
                0x00000570       0xd2 C:/msys64/ucrt64/bin/../lib/gcc/avr/15.2.0/../../../../avr/lib/avr5\libm.a(mulsf3x.o)
                0x0000058e                __mulsf3x
                0x00000594                __mulsf3_pse
 .text.avr-libc.fplib
                0x00000642        0xc C:/msys64/ucrt64/bin/../lib/gcc/avr/15.2.0/../../../../avr/lib/avr5\libm.a(fp_inf.o)
                0x00000642                __fp_inf
 .text.avr-libc.fplib
                0x0000064e        0x6 C:/msys64/ucrt64/bin/../lib/gcc/avr/15.2.0/../../../../avr/lib/avr5\libm.a(fp_nan.o)
                0x0000064e                __fp_nan
 .text.avr-libc.fplib
                0x00000654        0xe C:/msys64/ucrt64/bin/../lib/gcc/avr/15.2.0/../../../../avr/lib/avr5\libm.a(fp_pscA.o)
                0x00000654                __fp_pscA
 .text.avr-libc.fplib
                0x00000662        0xe C:/msys64/ucrt64/bin/../lib/gcc/avr/15.2.0/../../../../avr/lib/avr5\libm.a(fp_pscB.o)
                0x00000662                __fp_pscB
 .text.avr-libc.fplib
                0x00000670       0x22 C:/msys64/ucrt64/bin/../lib/gcc/avr/15.2.0/../../../../avr/lib/avr5\libm.a(fp_round.o)
                0x00000670                __fp_round
 .text.libgcc.mul
                0x00000692        0x0 C:/msys64/ucrt64/bin/../lib/gcc/avr/15.2.0/avr5\libgcc.a(_negsi2.o)
 .text.libgcc.div
                0x00000692       0x10 C:/msys64/ucrt64/bin/../lib/gcc/avr/15.2.0/avr5\libgcc.a(_negsi2.o)
                0x00000692                __negsi2
 .text.libgcc   0x000006a2        0x0 C:/msys64/ucrt64/bin/../lib/gcc/avr/15.2.0/avr5\libgcc.a(_negsi2.o)
 .text.libgcc.prologue
                0x000006a2        0x0 C:/msys64/ucrt64/bin/../lib/gcc/avr/15.2.0/avr5\libgcc.a(_negsi2.o)
 .text.libgcc.builtins
                0x000006a2        0x0 C:/msys64/ucrt64/bin/../lib/gcc/avr/15.2.0/avr5\libgcc.a(_negsi2.o)
 .text.libgcc.fmul
                0x000006a2        0x0 C:/msys64/ucrt64/bin/../lib/gcc/avr/15.2.0/avr5\libgcc.a(_negsi2.o)
 .text.libgcc.fixed
                0x000006a2        0x0 C:/msys64/ucrt64/bin/../lib/gcc/avr/15.2.0/avr5\libgcc.a(_negsi2.o)
 .text.libgcc.mul
                0x000006a2        0x0 C:/msys64/ucrt64/bin/../lib/gcc/avr/15.2.0/avr5\libgcc.a(_exit.o)
 .text.libgcc.div
                0x000006a2        0x0 C:/msys64/ucrt64/bin/../lib/gcc/avr/15.2.0/avr5\libgcc.a(_exit.o)
 .text.libgcc   0x000006a2        0x0 C:/msys64/ucrt64/bin/../lib/gcc/avr/15.2.0/avr5\libgcc.a(_exit.o)
 .text.libgcc.prologue
                0x000006a2        0x0 C:/msys64/ucrt64/bin/../lib/gcc/avr/15.2.0/avr5\libgcc.a(_exit.o)
 .text.libgcc.builtins
                0x000006a2        0x0 C:/msys64/ucrt64/bin/../lib/gcc/avr/15.2.0/avr5\libgcc.a(_exit.o)
 .text.libgcc.fmul
                0x000006a2        0x0 C:/msys64/ucrt64/bin/../lib/gcc/avr/15.2.0/avr5\libgcc.a(_exit.o)
 .text.libgcc.fixed
                0x000006a2        0x0 C:/msys64/ucrt64/bin/../lib/gcc/avr/15.2.0/avr5\libgcc.a(_exit.o)
                0x000006a2                        . = ALIGN (0x2)
 *(.fini9)
 .fini9         0x000006a2        0x0 C:/msys64/ucrt64/bin/../lib/gcc/avr/15.2.0/avr5\libgcc.a(_exit.o)
                0x000006a2                _exit
                0x000006a2                exit
 *(.fini9)
 *(.fini8)
 *(.fini8)
 *(.fini7)
 *(.fini7)
 *(.fini6)
 *(.fini6)
 *(.fini5)
 *(.fini5)
 *(.fini4)
 *(.fini4)
 *(.fini3)
 *(.fini3)
 *(.fini2)
 *(.fini2)
 *(.fini1)
 *(.fini1)
 *(.fini0)
 .fini0         0x000006a2        0x4 C:/msys64/ucrt64/bin/../lib/gcc/avr/15.2.0/avr5\libgcc.a(_exit.o)
 *(.fini0)
 *(.hightext)
 *(.hightext*)
 *(.progmemx)
 *(.progmemx.*)
                0x000006a6                        . = ALIGN (0x2)
 *(.jumptables)
 *(.jumptables*)
                0x000006a6                        _etext = .

.data           0x00800060        0x2 load address 0x000006a6
                0x00800060                        PROVIDE (__data_start = .)
 *(.data)
 .data          0x00800060        0x0 C:/msys64/ucrt64/bin/../lib/gcc/avr/15.2.0/../../../../avr/lib/avr5/crtatmega16.o
 .data          0x00800060        0x0 ./src/Fan.o
 .data          0x00800060        0x0 ./src/LightingControl.o
 .data          0x00800060        0x0 ./src/main.o
 .data          0x00800060        0x0 C:/msys64/ucrt64/bin/../lib/gcc/avr/15.2.0/avr5\libgcc.a(_copy_data.o)
 .data          0x00800060        0x0 C:/msys64/ucrt64/bin/../lib/gcc/avr/15.2.0/avr5\libgcc.a(_clear_bss.o)
 .data          0x00800060        0x0 C:/msys64/ucrt64/bin/../lib/gcc/avr/15.2.0/../../../../avr/lib/avr5\libm.a(cmpsf2.o)
 .data          0x00800060        0x0 C:/msys64/ucrt64/bin/../lib/gcc/avr/15.2.0/../../../../avr/lib/avr5\libm.a(fixunssfsi.o)
 .data          0x00800060        0x0 C:/msys64/ucrt64/bin/../lib/gcc/avr/15.2.0/../../../../avr/lib/avr5\libm.a(fp_cmp.o)
 .data          0x00800060        0x0 C:/msys64/ucrt64/bin/../lib/gcc/avr/15.2.0/../../../../avr/lib/avr5\libm.a(fp_split3.o)
 .data          0x00800060        0x0 C:/msys64/ucrt64/bin/../lib/gcc/avr/15.2.0/../../../../avr/lib/avr5\libm.a(fp_zero.o)
 .data          0x00800060        0x0 C:/msys64/ucrt64/bin/../lib/gcc/avr/15.2.0/../../../../avr/lib/avr5\libm.a(gesf2.o)
 .data          0x00800060        0x0 C:/msys64/ucrt64/bin/../lib/gcc/avr/15.2.0/../../../../avr/lib/avr5\libm.a(mulsf3.o)
 .data          0x00800060        0x0 C:/msys64/ucrt64/bin/../lib/gcc/avr/15.2.0/../../../../avr/lib/avr5\libm.a(mulsf3x.o)
 .data          0x00800060        0x0 C:/msys64/ucrt64/bin/../lib/gcc/avr/15.2.0/../../../../avr/lib/avr5\libm.a(fp_inf.o)
 .data          0x00800060        0x0 C:/msys64/ucrt64/bin/../lib/gcc/avr/15.2.0/../../../../avr/lib/avr5\libm.a(fp_nan.o)
 .data          0x00800060        0x0 C:/msys64/ucrt64/bin/../lib/gcc/avr/15.2.0/../../../../avr/lib/avr5\libm.a(fp_pscA.o)
 .data          0x00800060        0x0 C:/msys64/ucrt64/bin/../lib/gcc/avr/15.2.0/../../../../avr/lib/avr5\libm.a(fp_pscB.o)
 .data          0x00800060        0x0 C:/msys64/ucrt64/bin/../lib/gcc/avr/15.2.0/../../../../avr/lib/avr5\libm.a(fp_round.o)
 .data          0x00800060        0x0 C:/msys64/ucrt64/bin/../lib/gcc/avr/15.2.0/../../../../avr/lib/avr5\libatmega16.a(init_sp.o)
 .data          0x00800060        0x0 C:/msys64/ucrt64/bin/../lib/gcc/avr/15.2.0/../../../../avr/lib/avr5\libatmega16.a(call_main.o)
 .data          0x00800060        0x0 C:/msys64/ucrt64/bin/../lib/gcc/avr/15.2.0/avr5\libgcc.a(_negsi2.o)
 .data          0x00800060        0x0 C:/msys64/ucrt64/bin/../lib/gcc/avr/15.2.0/avr5\libgcc.a(_exit.o)
 *(.data*)
 .data.speed_level
                0x00800060        0x1 ./src/Fan.o
                0x00800060                speed_level
 *(.gnu.linkonce.d*)
 *(.rodata)
 *(.rodata*)
 *(.gnu.linkonce.r*)
                0x00800062                        . = ALIGN (0x2)
 *fill*         0x00800061        0x1 
                0x00800062                        _edata = .
                0x00800062                        PROVIDE (__data_end = .)

.bss            0x00800062        0x1
                0x00800062                        PROVIDE (__bss_start = .)
 *(.bss)
 .bss           0x00800062        0x0 C:/msys64/ucrt64/bin/../lib/gcc/avr/15.2.0/../../../../avr/lib/avr5/crtatmega16.o
 .bss           0x00800062        0x0 ./src/Fan.o
 .bss           0x00800062        0x0 ./src/LightingControl.o
 .bss           0x00800062        0x0 ./src/main.o
 .bss           0x00800062        0x0 C:/msys64/ucrt64/bin/../lib/gcc/avr/15.2.0/avr5\libgcc.a(_copy_data.o)
 .bss           0x00800062        0x0 C:/msys64/ucrt64/bin/../lib/gcc/avr/15.2.0/avr5\libgcc.a(_clear_bss.o)
 .bss           0x00800062        0x0 C:/msys64/ucrt64/bin/../lib/gcc/avr/15.2.0/../../../../avr/lib/avr5\libm.a(cmpsf2.o)
 .bss           0x00800062        0x0 C:/msys64/ucrt64/bin/../lib/gcc/avr/15.2.0/../../../../avr/lib/avr5\libm.a(fixunssfsi.o)
 .bss           0x00800062        0x0 C:/msys64/ucrt64/bin/../lib/gcc/avr/15.2.0/../../../../avr/lib/avr5\libm.a(fp_cmp.o)
 .bss           0x00800062        0x0 C:/msys64/ucrt64/bin/../lib/gcc/avr/15.2.0/../../../../avr/lib/avr5\libm.a(fp_split3.o)
 .bss           0x00800062        0x0 C:/msys64/ucrt64/bin/../lib/gcc/avr/15.2.0/../../../../avr/lib/avr5\libm.a(fp_zero.o)
 .bss           0x00800062        0x0 C:/msys64/ucrt64/bin/../lib/gcc/avr/15.2.0/../../../../avr/lib/avr5\libm.a(gesf2.o)
 .bss           0x00800062        0x0 C:/msys64/ucrt64/bin/../lib/gcc/avr/15.2.0/../../../../avr/lib/avr5\libm.a(mulsf3.o)
 .bss           0x00800062        0x0 C:/msys64/ucrt64/bin/../lib/gcc/avr/15.2.0/../../../../avr/lib/avr5\libm.a(mulsf3x.o)
 .bss           0x00800062        0x0 C:/msys64/ucrt64/bin/../lib/gcc/avr/15.2.0/../../../../avr/lib/avr5\libm.a(fp_inf.o)
 .bss           0x00800062        0x0 C:/msys64/ucrt64/bin/../lib/gcc/avr/15.2.0/../../../../avr/lib/avr5\libm.a(fp_nan.o)
 .bss           0x00800062        0x0 C:/msys64/ucrt64/bin/../lib/gcc/avr/15.2.0/../../../../avr/lib/avr5\libm.a(fp_pscA.o)
 .bss           0x00800062        0x0 C:/msys64/ucrt64/bin/../lib/gcc/avr/15.2.0/../../../../avr/lib/avr5\libm.a(fp_pscB.o)
 .bss           0x00800062        0x0 C:/msys64/ucrt64/bin/../lib/gcc/avr/15.2.0/../../../../avr/lib/avr5\libm.a(fp_round.o)
 .bss           0x00800062        0x0 C:/msys64/ucrt64/bin/../lib/gcc/avr/15.2.0/../../../../avr/lib/avr5\libatmega16.a(init_sp.o)
 .bss           0x00800062        0x0 C:/msys64/ucrt64/bin/../lib/gcc/avr/15.2.0/../../../../avr/lib/avr5\libatmega16.a(call_main.o)
 .bss           0x00800062        0x0 C:/msys64/ucrt64/bin/../lib/gcc/avr/15.2.0/avr5\libgcc.a(_negsi2.o)
 .bss           0x00800062        0x0 C:/msys64/ucrt64/bin/../lib/gcc/avr/15.2.0/avr5\libgcc.a(_exit.o)
 *(.bss*)
 .bss.fan_is_on
                0x00800062        0x1 ./src/Fan.o
                0x00800062                fan_is_on
 *(COMMON)
                0x00800063                        PROVIDE (__bss_end = .)
                0x000006a6                        __data_load_start = LOADADDR (.data)
                0x000006a8                        __data_load_end = (__data_load_start + SIZEOF (.data))

.noinit         0x00800063        0x0
                [!provide]                        PROVIDE (__noinit_start = .)
 *(.noinit .noinit.* .gnu.linkonce.n.*)
                [!provide]                        PROVIDE (__noinit_end = .)
                0x00800063                        _end = .
                [!provide]                        PROVIDE (__heap_start = .)
                0x00000000                        __flmap_init_label = DEFINED (__flmap_noinit_start)?__flmap_noinit_start:0x0
                0x00000000                        __flmap = DEFINED (__flmap)?__flmap:0x0

.eeprom         0x00810000        0x0
 *(.eeprom*)
                0x00810000                        __eeprom_end = .

.fuse
 *(.fuse)
 *(.lfuse)
 *(.hfuse)
 *(.efuse)

.lock
 *(.lock*)

.signature
 *(.signature*)

.stab
 *(.stab)

.stabstr
 *(.stabstr)

.stab.excl
 *(.stab.excl)

.stab.exclstr
 *(.stab.exclstr)

.stab.index
 *(.stab.index)

.stab.indexstr
 *(.stab.indexstr)

.comment        0x00000000       0x12
 *(.comment)
 .comment       0x00000000       0x12 ./src/Fan.o
                                 0x13 (size before relaxing)
 .comment       0x00000012        0x0 ./src/LightingControl.o
                                 0x13 (size before relaxing)
 .comment       0x00000012        0x0 ./src/main.o
                                 0x13 (size before relaxing)

.note.gnu.avr.deviceinfo
                0x00000000       0x3c
 .note.gnu.avr.deviceinfo
                0x00000000       0x3c C:/msys64/ucrt64/bin/../lib/gcc/avr/15.2.0/../../../../avr/lib/avr5/crtatmega16.o

.gnu.build.attributes
 *(.gnu.build.attributes .gnu.build.attributes.*)

.note.gnu.build-id
 *(.note.gnu.build-id)

.debug
 *(.debug)

.line
 *(.line)

.debug_srcinfo
 *(.debug_srcinfo)

.debug_sfnames
 *(.debug_sfnames)

.debug_aranges  0x00000000       0x70
 *(.debug_aranges)
 .debug_aranges
                0x00000000       0x30 ./src/Fan.o
 .debug_aranges
                0x00000030       0x20 ./src/LightingControl.o
 .debug_aranges
                0x00000050       0x20 ./src/main.o

.debug_pubnames
 *(.debug_pubnames)

.debug_info     0x00000000      0x7ee
 *(.debug_info .gnu.linkonce.wi.*)
 .debug_info    0x00000000      0x52e C:/msys64/ucrt64/bin/../lib/gcc/avr/15.2.0/../../../../avr/lib/avr5/crtatmega16.o
 .debug_info    0x0000052e      0x1ed ./src/Fan.o
 .debug_info    0x0000071b       0x44 ./src/LightingControl.o
 .debug_info    0x0000075f       0x8f ./src/main.o

.debug_abbrev   0x00000000      0x68e
 *(.debug_abbrev)
 .debug_abbrev  0x00000000      0x4e7 C:/msys64/ucrt64/bin/../lib/gcc/avr/15.2.0/../../../../avr/lib/avr5/crtatmega16.o
 .debug_abbrev  0x000004e7      0x113 ./src/Fan.o
 .debug_abbrev  0x000005fa       0x3a ./src/LightingControl.o
 .debug_abbrev  0x00000634       0x5a ./src/main.o

.debug_line     0x00000000      0x50f
 *(.debug_line .debug_line.* .debug_line_end)
 .debug_line    0x00000000       0x1d C:/msys64/ucrt64/bin/../lib/gcc/avr/15.2.0/../../../../avr/lib/avr5/crtatmega16.o
 .debug_line    0x0000001d      0x43d ./src/Fan.o
 .debug_line    0x0000045a       0x52 ./src/LightingControl.o
 .debug_line    0x000004ac       0x63 ./src/main.o

.debug_frame    0x00000000       0xdc
 *(.debug_frame)
 .debug_frame   0x00000000       0x74 ./src/Fan.o
 .debug_frame   0x00000074       0x34 ./src/LightingControl.o
 .debug_frame   0x000000a8       0x34 ./src/main.o

.debug_str      0x00000000      0x359
 *(.debug_str)
 .debug_str     0x00000000      0x1af C:/msys64/ucrt64/bin/../lib/gcc/avr/15.2.0/../../../../avr/lib/avr5/crtatmega16.o
 .debug_str     0x000001af      0x1aa ./src/Fan.o
                                0x1c9 (size before relaxing)
 .debug_str     0x00000359        0x0 ./src/LightingControl.o
                                 0xd9 (size before relaxing)
 .debug_str     0x00000359        0x0 ./src/main.o
                                0x161 (size before relaxing)

.debug_loc
 *(.debug_loc)

.debug_macinfo
 *(.debug_macinfo)

.debug_weaknames
 *(.debug_weaknames)

.debug_funcnames
 *(.debug_funcnames)

.debug_typenames
 *(.debug_typenames)

.debug_varnames
 *(.debug_varnames)

.debug_pubtypes
 *(.debug_pubtypes)

.debug_ranges
 *(.debug_ranges)

.debug_addr
 *(.debug_addr)

.debug_line_str
                0x00000000       0xdf
 *(.debug_line_str)
 .debug_line_str
                0x00000000       0xdf ./src/Fan.o
                                 0xfe (size before relaxing)
 .debug_line_str
                0x000000df        0x0 ./src/LightingControl.o
                                 0xc4 (size before relaxing)
 .debug_line_str
                0x000000df        0x0 ./src/main.o
                                 0xa9 (size before relaxing)

.debug_loclists
 *(.debug_loclists)

.debug_macro
 *(.debug_macro)

.debug_names
 *(.debug_names)

.debug_rnglists
                0x00000000       0x47
 *(.debug_rnglists)
 .debug_rnglists
                0x00000000       0x21 ./src/Fan.o
 .debug_rnglists
                0x00000021       0x13 ./src/LightingControl.o
 .debug_rnglists
                0x00000034       0x13 ./src/main.o

.debug_str_offsets
 *(.debug_str_offsets)

.debug_sup
 *(.debug_sup)
OUTPUT(SmartHome.elf elf32-avr)
LOAD linker stubs
